============================================================
  TEST: TiendasParser
============================================================
Ruta: C:\Users\becarioscontabilidad\OneDrive - CESANTONI SA DE CV\2.-REPORTES DE VENTAS PUNTOS DE VENTA NUEVO FORMATO

2026-02-26 13:16:33 | WARNING  | src.parsers.tiendas_parser | [TIENDAS] CES Dep¾sitos 2026.xlsx tiene menos de 5 columnas (0). Se omite.
2026-02-26 13:16:56 | INFO     | src.parsers.tiendas_parser | [TIENDAS] Outlet Fresnillo -> 20722 registros en 1284 grupos
2026-02-26 13:17:14 | INFO     | src.parsers.tiendas_parser | [TIENDAS] Outlet Guadalupe -> 17498 registros en 1306 grupos
2026-02-26 13:18:13 | INFO     | src.parsers.tiendas_parser | [TIENDAS] Outlet Jalpa-CES-D082 -> 4732 registros en 822 grupos
2026-02-26 13:20:23 | INFO     | src.parsers.tiendas_parser | [TIENDAS] Outlet Jalpa -> 5003 registros en 859 grupos
2026-02-26 13:20:30 | INFO     | src.parsers.tiendas_parser | [TIENDAS] Outlet Jerez -> 2994 registros en 620 grupos
2026-02-26 13:21:00 | INFO     | src.parsers.tiendas_parser | [TIENDAS] Outlet Ojocaliente -> 6615 registros en 910 grupos
2026-02-26 13:21:02 | INFO     | src.parsers.tiendas_parser | [TIENDAS] Outlet Orito -> 1033 registros en 231 grupos
2026-02-26 13:21:03 | INFO     | src.parsers.tiendas_parser | [TIENDAS] Outlet RÝo Grande -> 1257 registros en 275 grupos
2026-02-26 13:21:33 | INFO     | src.parsers.tiendas_parser | [TIENDAS] Outlet Zacatecas -> 20397 registros en 1278 grupos
